// Jest Snapshot v1, https://goo.gl/fbAQLP

exports[`Testing Table password component it should render the table password component 1`] = `
<div>
  <div>
    <div
      className="MuiPaper-root MuiPaper-elevation MuiPaper-rounded MuiPaper-elevation1 MuiTableContainer-root css-v0tj71-MuiPaper-root-MuiTableContainer-root"
    >
      <table
        className="MuiTable-root MuiTable-stickyHeader css-xn82ks-MuiTable-root"
        role={null}
      >
        <thead
          className="MuiTableHead-root css-197n1ah-MuiTableHead-root"
          role={null}
        >
          <tr
            className="MuiTableRow-root MuiTableRow-head css-1q1u3t4-MuiTableRow-root"
            role={null}
          >
            <th
              aria-sort={null}
              className="MuiTableCell-root MuiTableCell-head MuiTableCell-stickyHeader MuiTableCell-sizeMedium css-y8ay40-MuiTableCell-root"
              scope="col"
            >
               
              <h6>
                Website
              </h6>
               
            </th>
            <th
              aria-sort={null}
              className="MuiTableCell-root MuiTableCell-head MuiTableCell-stickyHeader MuiTableCell-sizeMedium css-y8ay40-MuiTableCell-root"
              scope="col"
            >
              <h6>
                 password
              </h6>
               
            </th>
            <th
              aria-sort={null}
              className="MuiTableCell-root MuiTableCell-head MuiTableCell-stickyHeader MuiTableCell-sizeMedium css-y8ay40-MuiTableCell-root"
              scope="col"
            >
               
              <h6>
                Last Modified
              </h6>
               
            </th>
            <th
              aria-sort={null}
              className="MuiTableCell-root MuiTableCell-head MuiTableCell-stickyHeader MuiTableCell-sizeMedium css-y8ay40-MuiTableCell-root"
              scope="col"
            >
               
              <h6>
                Status
              </h6>
               
            </th>
            <th
              aria-sort={null}
              className="MuiTableCell-root MuiTableCell-head MuiTableCell-stickyHeader MuiTableCell-sizeMedium css-y8ay40-MuiTableCell-root"
              scope="col"
            >
              <h6>
                Actions
              </h6>
               
            </th>
          </tr>
        </thead>
        <tbody
          className="MuiTableBody-root css-apqrd9-MuiTableBody-root"
          data-testid="tableBody"
          role={null}
        >
          <tr
            className="MuiTableRow-root css-1q1u3t4-MuiTableRow-root"
            role={null}
          >
            <td
              aria-sort={null}
              className="MuiTableCell-root MuiTableCell-body MuiTableCell-sizeMedium text-center css-1ex1afd-MuiTableCell-root"
              colSpan={5}
            >
              No Data Found
            </td>
          </tr>
        </tbody>
      </table>
    </div>
  </div>
</div>
`;
